[INFO] Scanning for projects...
[WARNING] 
[WARNING] Some problems were encountered while building the effective model for com.tokenly:backend:jar:0.0.1-SNAPSHOT
[WARNING] 'dependencies.dependency.(groupId:artifactId:type:classifier)' must be unique: org.springframework.boot:spring-boot-starter-validation:jar -> version 4.0.1 vs (?) @ line 43, column 15
[WARNING] 
[WARNING] It is highly recommended to fix these problems because they threaten the stability of your build.
[WARNING] 
[WARNING] For this reason, future Maven versions might no longer support building such malformed projects.
[WARNING] 
[INFO] 
[INFO] ------------------------< com.tokenly:backend >-------------------------
[INFO] Building Tokenly 0.0.1-SNAPSHOT
[INFO]   from pom.xml
[INFO] --------------------------------[ jar ]---------------------------------
[INFO] 
[INFO] --- resources:3.3.1:resources (default-resources) @ backend ---
[INFO] Copying 1 resource from src\main\resources to target\classes
[INFO] Copying 0 resource from src\main\resources to target\classes
[INFO] 
[INFO] --- compiler:3.14.1:compile (default-compile) @ backend ---
[INFO] Recompiling the module because of changed source code.
[INFO] Compiling 94 source files with javac [debug parameters release 17] to target\classes
[INFO] /C:/Users/Akshat Srivastava/OneDrive - U2opia Mobile Private Limited/Desktop/Personal/Self/Tokenly/backend/src/main/java/com/tokenly/backend/security/util/OriginValidator.java: C:\Users\Akshat Srivastava\OneDrive - U2opia Mobile Private Limited\Desktop\Personal\Self\Tokenly\backend\src\main\java\com\tokenly\backend\security\util\OriginValidator.java uses unchecked or unsafe operations.
[INFO] /C:/Users/Akshat Srivastava/OneDrive - U2opia Mobile Private Limited/Desktop/Personal/Self/Tokenly/backend/src/main/java/com/tokenly/backend/security/util/OriginValidator.java: Recompile with -Xlint:unchecked for details.
[INFO] -------------------------------------------------------------
[ERROR] COMPILATION ERROR : 
[INFO] -------------------------------------------------------------
[ERROR] /C:/Users/Akshat Srivastava/OneDrive - U2opia Mobile Private Limited/Desktop/Personal/Self/Tokenly/backend/src/main/java/com/tokenly/backend/controller/AuthController.java:[66,31] cannot find symbol
  symbol:   method error(java.lang.String,int)
  location: class com.tokenly.backend.dto.common.ApiResponse
[ERROR] /C:/Users/Akshat Srivastava/OneDrive - U2opia Mobile Private Limited/Desktop/Personal/Self/Tokenly/backend/src/main/java/com/tokenly/backend/controller/AuthController.java:[70,49] incompatible types: java.util.UUID cannot be converted to java.lang.String
[ERROR] /C:/Users/Akshat Srivastava/OneDrive - U2opia Mobile Private Limited/Desktop/Personal/Self/Tokenly/backend/src/main/java/com/tokenly/backend/controller/AuthController.java:[72,32] cannot find symbol
  symbol:   method getUserById(com.tokenly.backend.entity.Application,java.util.UUID)
  location: variable userService of type com.tokenly.backend.service.UserService
[ERROR] /C:/Users/Akshat Srivastava/OneDrive - U2opia Mobile Private Limited/Desktop/Personal/Self/Tokenly/backend/src/main/java/com/tokenly/backend/controller/AuthController.java:[88,31] cannot find symbol
  symbol:   method error(java.lang.String,int)
  location: class com.tokenly.backend.dto.common.ApiResponse
[ERROR] /C:/Users/Akshat Srivastava/OneDrive - U2opia Mobile Private Limited/Desktop/Personal/Self/Tokenly/backend/src/main/java/com/tokenly/backend/controller/AuthController.java:[92,49] incompatible types: java.util.UUID cannot be converted to java.lang.String
[ERROR] /C:/Users/Akshat Srivastava/OneDrive - U2opia Mobile Private Limited/Desktop/Personal/Self/Tokenly/backend/src/main/java/com/tokenly/backend/controller/AuthController.java:[94,32] cannot find symbol
  symbol:   method getUserById(com.tokenly.backend.entity.Application,java.util.UUID)
  location: variable userService of type com.tokenly.backend.service.UserService
[INFO] 6 errors 
[INFO] -------------------------------------------------------------
[INFO] ------------------------------------------------------------------------
[INFO] BUILD FAILURE
[INFO] ------------------------------------------------------------------------
[INFO] Total time:  11.346 s
[INFO] Finished at: 2026-02-02T00:49:58+05:30
[INFO] ------------------------------------------------------------------------
[ERROR] Failed to execute goal org.apache.maven.plugins:maven-compiler-plugin:3.14.1:compile (default-compile) on project backend: Compilation failure: Compilation failure: 
[ERROR] /C:/Users/Akshat Srivastava/OneDrive - U2opia Mobile Private Limited/Desktop/Personal/Self/Tokenly/backend/src/main/java/com/tokenly/backend/controller/AuthController.java:[66,31] cannot find symbol
[ERROR]   symbol:   method error(java.lang.String,int)
[ERROR]   location: class com.tokenly.backend.dto.common.ApiResponse
[ERROR] /C:/Users/Akshat Srivastava/OneDrive - U2opia Mobile Private Limited/Desktop/Personal/Self/Tokenly/backend/src/main/java/com/tokenly/backend/controller/AuthController.java:[70,49] incompatible types: java.util.UUID cannot be converted to java.lang.String
[ERROR] /C:/Users/Akshat Srivastava/OneDrive - U2opia Mobile Private Limited/Desktop/Personal/Self/Tokenly/backend/src/main/java/com/tokenly/backend/controller/AuthController.java:[72,32] cannot find symbol
[ERROR]   symbol:   method getUserById(com.tokenly.backend.entity.Application,java.util.UUID)
[ERROR]   location: variable userService of type com.tokenly.backend.service.UserService
[ERROR] /C:/Users/Akshat Srivastava/OneDrive - U2opia Mobile Private Limited/Desktop/Personal/Self/Tokenly/backend/src/main/java/com/tokenly/backend/controller/AuthController.java:[88,31] cannot find symbol
[ERROR]   symbol:   method error(java.lang.String,int)
[ERROR]   location: class com.tokenly.backend.dto.common.ApiResponse
[ERROR] /C:/Users/Akshat Srivastava/OneDrive - U2opia Mobile Private Limited/Desktop/Personal/Self/Tokenly/backend/src/main/java/com/tokenly/backend/controller/AuthController.java:[92,49] incompatible types: java.util.UUID cannot be converted to java.lang.String
[ERROR] /C:/Users/Akshat Srivastava/OneDrive - U2opia Mobile Private Limited/Desktop/Personal/Self/Tokenly/backend/src/main/java/com/tokenly/backend/controller/AuthController.java:[94,32] cannot find symbol
[ERROR]   symbol:   method getUserById(com.tokenly.backend.entity.Application,java.util.UUID)
[ERROR]   location: variable userService of type com.tokenly.backend.service.UserService
[ERROR] -> [Help 1]
[ERROR] 
[ERROR] To see the full stack trace of the errors, re-run Maven with the -e switch.
[ERROR] Re-run Maven using the -X switch to enable full debug logging.
[ERROR] 
[ERROR] For more information about the errors and possible solutions, please read the following articles:
[ERROR] [Help 1] http://cwiki.apache.org/confluence/display/MAVEN/MojoFailureException
